// Jest Snapshot v1, https://goo.gl/fbAQLP

exports[`renders homepage unchanged 1`] = `
<div>
  <main
    class="relative w-full h-screen overflow-hidden flex flex-col bg-black"
  >
    <nav
      class="absolute top-0 w-full flex items-center justify-between px-6 py-4 bg-black/60 text-white z-30"
    >
      <h1
        class="text-2xl font-bold"
      >
        Adventra
      </h1>
      <div>
        <h1>
          Home
        </h1>
        <a
          href="/about"
        >
          About
        </a>
      </div>
    </nav>
    <header
      class="absolute top-20 left-0 w-full text-center text-white px-6 z-30"
    >
      <h1
        class="text-4xl md:text-6xl font-bold drop-shadow-lg"
      >
        Meet Adventurers,
         
        <span
          class="text-yellow-400"
        >
          Explore Together
        </span>
      </h1>
      <p
        class="mt-4 text-lg md:text-xl text-gray-200"
      >
        Find like-minded people to join you on your next adventure.
      </p>
    </header>
    <section
      class="relative w-full h-full flex justify-center items-center overflow-hidden"
    >
      <div
        class="absolute w-full h-full bg-cover bg-center"
        draggable="false"
        style="background-image: url(/scuba.jpg); opacity: 1; transform: none; user-select: none;"
      >
        <div
          class="absolute inset-0 bg-black/40 flex flex-col justify-center items-center text-center text-white px-6"
        >
          <h2
            class="text-4xl font-bold"
          >
            Scuba Diving
          </h2>
          <p
            class="text-lg"
          >
            Redang Island, Malaysia
          </p>
        </div>
      </div>
    </section>
    <div
      class="absolute bottom-16 w-full flex justify-center gap-6 z-10"
    >
      <button
        class="w-20 h-20 bg-gray-900 hover:bg-gray-700 text-white font-semibold text-lg rounded-xl shadow-lg active:scale-95"
      >
        Pass
      </button>
      <button
        class="w-20 h-20 bg-yellow-400 hover:bg-yellow-500 text-black font-semibold text-lg rounded-xl shadow-lg active:scale-95"
      >
        Match
      </button>
    </div>
  </main>
</div>
`;
